⚙️ Setting up environment...
🔨 Creating InterMine database schema...
Downloading https://services.gradle.org/distributions/gradle-4.9-bin.zip
........................................................................
Unzipping /root/.gradle/wrapper/dists/gradle-4.9-bin/e9cinqnqvph59rr7g70qubb4t/gradle-4.9-bin.zip to /root/.gradle/wrapper/dists/gradle-4.9-bin/e9cinqnqvph59rr7g70qubb4t
Set executable permissions for: /root/.gradle/wrapper/dists/gradle-4.9-bin/e9cinqnqvph59rr7g70qubb4t/gradle-4.9/bin/gradle
To honour the JVM settings for this build a new JVM will be forked. Please consider using the daemon: https://docs.gradle.org/4.9/userguide/gradle_daemon.html.
Daemon will be stopped at the end of the build stopping after processing
Download https://repo.maven.apache.org/maven2/com/bmuschko/gradle-cargo-plugin/2.8.0/gradle-cargo-plugin-2.8.0.pom
Download https://repo.maven.apache.org/maven2/org/intermine/plugin/5.1.0/plugin-5.1.0.pom
Download https://repo.maven.apache.org/maven2/org/codehaus/cargo/cargo-daemon-client/1.8.3/cargo-daemon-client-1.8.3.pom
Download https://repo.maven.apache.org/maven2/org/codehaus/cargo/cargo-extensions-daemon/1.8.3/cargo-extensions-daemon-1.8.3.pom
Download https://repo.maven.apache.org/maven2/org/codehaus/cargo/cargo-extensions/1.8.3/cargo-extensions-1.8.3.pom
Download https://repo.maven.apache.org/maven2/org/codehaus/cargo/codehaus-cargo/1.8.3/codehaus-cargo-1.8.3.pom
Download https://repo.maven.apache.org/maven2/org/codehaus/cargo/cargo-core-api-generic/1.8.3/cargo-core-api-generic-1.8.3.pom
Download https://repo.maven.apache.org/maven2/org/codehaus/cargo/cargo-core-api-util/1.8.3/cargo-core-api-util-1.8.3.pom
Download https://repo.maven.apache.org/maven2/org/codehaus/cargo/cargo-core-api/1.8.3/cargo-core-api-1.8.3.pom
Download https://repo.maven.apache.org/maven2/org/codehaus/cargo/cargo-core/1.8.3/cargo-core-1.8.3.pom
Download https://repo.maven.apache.org/maven2/commons-discovery/commons-discovery/0.5/commons-discovery-0.5.pom
Download https://repo.maven.apache.org/maven2/org/apache/commons/commons-parent/20/commons-parent-20.pom
Download https://repo.maven.apache.org/maven2/org/apache/apache/9/apache-9.pom
Download https://repo.maven.apache.org/maven2/org/codehaus/cargo/cargo-core-api-container/1.8.3/cargo-core-api-container-1.8.3.pom
Download https://repo.maven.apache.org/maven2/org/apache/ant/ant/1.9.15/ant-1.9.15.pom
Download https://repo.maven.apache.org/maven2/org/apache/ant/ant-parent/1.9.15/ant-parent-1.9.15.pom
Download https://repo.maven.apache.org/maven2/commons-logging/commons-logging/1.1.1/commons-logging-1.1.1.pom
Download https://repo.maven.apache.org/maven2/org/apache/commons/commons-parent/5/commons-parent-5.pom
Download https://repo.maven.apache.org/maven2/org/apache/apache/4/apache-4.pom
Download https://repo.maven.apache.org/maven2/org/apache/geronimo/specs/geronimo-j2ee-deployment_1.1_spec/1.1/geronimo-j2ee-deployment_1.1_spec-1.1.pom
Download https://repo.maven.apache.org/maven2/org/apache/geronimo/specs/specs/1.2/specs-1.2.pom
Download https://repo.maven.apache.org/maven2/org/apache/geronimo/genesis/config/project-config/1.1/project-config-1.1.pom
Download https://repo.maven.apache.org/maven2/org/codehaus/cargo/cargo-core-api-module/1.8.3/cargo-core-api-module-1.8.3.pom
Download https://repo.maven.apache.org/maven2/org/apache/geronimo/genesis/config/config/1.1/config-1.1.pom
Download https://repo.maven.apache.org/maven2/org/apache/geronimo/genesis/genesis/1.1/genesis-1.1.pom
Download https://repo.maven.apache.org/maven2/org/apache/apache/3/apache-3.pom
Download https://repo.maven.apache.org/maven2/org/apache/ant/ant-launcher/1.9.15/ant-launcher-1.9.15.pom
Download https://repo.maven.apache.org/maven2/jaxen/jaxen/1.1.6/jaxen-1.1.6.pom
Download https://repo.maven.apache.org/maven2/org/sonatype/oss/oss-parent/7/oss-parent-7.pom
Download https://repo.maven.apache.org/maven2/org/jdom/jdom/1.1.3/jdom-1.1.3.pom
Download https://repo.maven.apache.org/maven2/org/codehaus/cargo/cargo-licensed-dtds/1.8.3/cargo-licensed-dtds-1.8.3.pom
Download https://repo.maven.apache.org/maven2/org/codehaus/cargo/cargo-resources/1.8.3/cargo-resources-1.8.3.pom
Download https://repo.maven.apache.org/maven2/org/codehaus/cargo/cargo-daemon-client/1.8.3/cargo-daemon-client-1.8.3.jar
Download https://repo.maven.apache.org/maven2/org/codehaus/cargo/cargo-core-api-container/1.8.3/cargo-core-api-container-1.8.3.jar
Download https://repo.maven.apache.org/maven2/org/intermine/plugin/5.1.0/plugin-5.1.0.jar
Download https://repo.maven.apache.org/maven2/com/bmuschko/gradle-cargo-plugin/2.8.0/gradle-cargo-plugin-2.8.0.jar
Download https://repo.maven.apache.org/maven2/org/codehaus/cargo/cargo-core-api-module/1.8.3/cargo-core-api-module-1.8.3.jar
Download https://repo.maven.apache.org/maven2/org/codehaus/cargo/cargo-core-api-util/1.8.3/cargo-core-api-util-1.8.3.jar
Download https://repo.maven.apache.org/maven2/commons-logging/commons-logging/1.1.1/commons-logging-1.1.1.jar
Download https://repo.maven.apache.org/maven2/org/apache/geronimo/specs/geronimo-j2ee-deployment_1.1_spec/1.1/geronimo-j2ee-deployment_1.1_spec-1.1.jar
Download https://repo.maven.apache.org/maven2/commons-discovery/commons-discovery/0.5/commons-discovery-0.5.jar
Download https://repo.maven.apache.org/maven2/org/apache/ant/ant/1.9.15/ant-1.9.15.jar
Download https://repo.maven.apache.org/maven2/org/jdom/jdom/1.1.3/jdom-1.1.3.jar
Download https://repo.maven.apache.org/maven2/org/apache/ant/ant-launcher/1.9.15/ant-launcher-1.9.15.jar
Download https://repo.maven.apache.org/maven2/jaxen/jaxen/1.1.6/jaxen-1.1.6.jar
Download https://repo.maven.apache.org/maven2/org/codehaus/cargo/cargo-licensed-dtds/1.8.3/cargo-licensed-dtds-1.8.3.jar
Download https://repo.maven.apache.org/maven2/org/codehaus/cargo/cargo-core-api-generic/1.8.3/cargo-core-api-generic-1.8.3.jar

> Configure project :
Using properties file: '/root/alliancemine/alliancemine.properties'
cleaning
deleting idresolver cache
deleting datasources.xml
deleting organisms.xml
deleting publications.xml
deleted log files

> Task :dbmodel:initConfig
> Task :dbmodel:processResources
Download https://repo.maven.apache.org/maven2/org/intermine/intermine-resources/5.1.0/intermine-resources-5.1.0.pom
Download https://repo.maven.apache.org/maven2/org/intermine/intermine-resources/5.1.0/intermine-resources-5.1.0.jar
> Task :dbmodel:copyDefaultInterMineProperties
> Task :dbmodel:copyMineProperties
> Task :dbmodel:addSourceDependencies
Download https://repo.maven.apache.org/maven2/org/intermine/bio-source-fasta/5.1.0/bio-source-fasta-5.1.0.pom
Download https://repo.maven.apache.org/maven2/org/intermine/bio-source-go/5.1.0/bio-source-go-5.1.0.pom
Download https://repo.maven.apache.org/maven2/org/intermine/bio-source-psi-mi-ontology/5.1.0/bio-source-psi-mi-ontology-5.1.0.pom
Download https://repo.maven.apache.org/maven2/org/intermine/bio-source-do/5.1.0/bio-source-do-5.1.0.pom
Download https://repo.maven.apache.org/maven2/org/intermine/bio-source-entrez-organism/5.1.0/bio-source-entrez-organism-5.1.0.pom
Download https://repo.maven.apache.org/maven2/org/intermine/bio-source-so/5.1.0/bio-source-so-5.1.0.pom
Download https://repo.maven.apache.org/maven2/org/intermine/bio-source-update-publications/5.1.0/bio-source-update-publications-5.1.0.pom
Download https://repo.maven.apache.org/maven2/org/intermine/bio-source-eco/5.1.0/bio-source-eco-5.1.0.pom
Download https://repo.maven.apache.org/maven2/commons-collections/commons-collections/3.2/commons-collections-3.2.pom
Download https://repo.maven.apache.org/maven2/jakarta/xml/bind/jakarta.xml.bind-api/2.3.2/jakarta.xml.bind-api-2.3.2.pom
Download https://repo.maven.apache.org/maven2/jakarta/xml/bind/jakarta.xml.bind-api-parent/2.3.2/jakarta.xml.bind-api-parent-2.3.2.pom
Download https://repo.maven.apache.org/maven2/org/eclipse/ee4j/project/1.0.5/project-1.0.5.pom
Download https://repo.maven.apache.org/maven2/org/intermine/intermine-integrate/5.1.0/intermine-integrate-5.1.0.pom
Download https://repo.maven.apache.org/maven2/org/intermine/bio-core/5.1.0/bio-core-5.1.0.pom
Download https://repo.maven.apache.org/maven2/org/apache/logging/log4j/log4j-1.2-api/2.17.1/log4j-1.2-api-2.17.1.pom
Download https://repo.maven.apache.org/maven2/org/glassfish/jaxb/jaxb-runtime/2.3.2/jaxb-runtime-2.3.2.pom
Download https://repo.maven.apache.org/maven2/javax/annotation/javax.annotation-api/1.3.2/javax.annotation-api-1.3.2.pom
Download https://repo.maven.apache.org/maven2/org/apache/logging/log4j/log4j/2.17.1/log4j-2.17.1.pom
Download https://repo.maven.apache.org/maven2/com/sun/xml/bind/mvn/jaxb-runtime-parent/2.3.2/jaxb-runtime-parent-2.3.2.pom
Download https://repo.maven.apache.org/maven2/net/java/jvnet-parent/3/jvnet-parent-3.pom
Download https://repo.maven.apache.org/maven2/com/sun/xml/bind/mvn/jaxb-parent/2.3.2/jaxb-parent-2.3.2.pom
Download https://repo.maven.apache.org/maven2/com/sun/xml/bind/jaxb-bom-ext/2.3.2/jaxb-bom-ext-2.3.2.pom
Download https://repo.maven.apache.org/maven2/org/glassfish/jaxb/jaxb-bom/2.3.2/jaxb-bom-2.3.2.pom
Download https://repo.maven.apache.org/maven2/org/biojava/biojava-core/4.2.0/biojava-core-4.2.0.pom
Download https://repo.maven.apache.org/maven2/org/apache/logging/logging-parent/3/logging-parent-3.pom
Download https://repo.maven.apache.org/maven2/org/apache/apache/23/apache-23.pom
Download https://repo.maven.apache.org/maven2/org/biojava/biojava/4.2.0/biojava-4.2.0.pom
Download https://repo.maven.apache.org/maven2/org/sonatype/oss/oss-parent/9/oss-parent-9.pom
Download https://repo.maven.apache.org/maven2/org/intermine/bio-model/5.1.0/bio-model-5.1.0.pom
Download https://repo.maven.apache.org/maven2/com/sleepycat/je/4.0.92/je-4.0.92.pom
Download https://repo.maven.apache.org/maven2/org/apache/logging/log4j/log4j-api/2.17.1/log4j-api-2.17.1.pom
Download https://repo.maven.apache.org/maven2/org/intermine/intermine-webtasks/5.1.0/intermine-webtasks-5.1.0.pom
Download https://repo.maven.apache.org/maven2/org/intermine/intermine-objectstore/5.1.0/intermine-objectstore-5.1.0.pom
Download https://repo.maven.apache.org/maven2/org/intermine/intermine-api/5.1.0/intermine-api-5.1.0.pom
Download https://repo.maven.apache.org/maven2/ant/ant/1.6.5/ant-1.6.5.pom
Download https://repo.maven.apache.org/maven2/stax/stax/1.2.0/stax-1.2.0.pom
Download https://repo.maven.apache.org/maven2/org/apache/logging/log4j/log4j-slf4j-impl/2.17.1/log4j-slf4j-impl-2.17.1.pom
Download https://repo.maven.apache.org/maven2/org/apache/logging/log4j/log4j-core/2.5/log4j-core-2.5.pom
Download https://repo.maven.apache.org/maven2/org/slf4j/slf4j-api/1.7.14/slf4j-api-1.7.14.pom
Download https://repo.maven.apache.org/maven2/org/apache/logging/log4j/log4j/2.5/log4j-2.5.pom
Download https://repo.maven.apache.org/maven2/org/slf4j/slf4j-parent/1.7.14/slf4j-parent-1.7.14.pom
Download https://repo.maven.apache.org/maven2/jakarta/activation/jakarta.activation-api/1.2.1/jakarta.activation-api-1.2.1.pom
Download https://repo.maven.apache.org/maven2/com/sun/activation/all/1.2.1/all-1.2.1.pom
Download https://repo.maven.apache.org/maven2/org/eclipse/ee4j/project/1.0.2/project-1.0.2.pom
Download https://repo.maven.apache.org/maven2/org/glassfish/jaxb/txw2/2.3.2/txw2-2.3.2.pom
Download https://repo.maven.apache.org/maven2/com/sun/istack/istack-commons-runtime/3.0.8/istack-commons-runtime-3.0.8.pom
Download https://repo.maven.apache.org/maven2/com/sun/xml/fastinfoset/FastInfoset/1.2.16/FastInfoset-1.2.16.pom
Download https://repo.maven.apache.org/maven2/org/jvnet/staxex/stax-ex/1.8.1/stax-ex-1.8.1.pom
Download https://repo.maven.apache.org/maven2/com/sun/istack/istack-commons/3.0.8/istack-commons-3.0.8.pom
Download https://repo.maven.apache.org/maven2/com/sun/xml/bind/mvn/jaxb-txw-parent/2.3.2/jaxb-txw-parent-2.3.2.pom
Download https://repo.maven.apache.org/maven2/com/sun/xml/fastinfoset/fastinfoset-project/1.2.16/fastinfoset-project-1.2.16.pom
Download https://repo.maven.apache.org/maven2/org/intermine/intermine-webapp/5.1.0/intermine-webapp-5.1.0.pom
Download https://repo.maven.apache.org/maven2/commons-beanutils/commons-beanutils/1.9.3/commons-beanutils-1.9.3.pom
Download https://repo.maven.apache.org/maven2/org/apache/commons/commons-parent/41/commons-parent-41.pom
Download https://repo.maven.apache.org/maven2/org/apache/apache/18/apache-18.pom
Download https://repo.maven.apache.org/maven2/org/postgresql/postgresql/42.2.2/postgresql-42.2.2.pom
Download https://repo.maven.apache.org/maven2/commons-io/commons-io/1.2/commons-io-1.2.pom
Download https://repo.maven.apache.org/maven2/org/intermine/intermine-model/5.1.0/intermine-model-5.1.0.pom
Download https://repo.maven.apache.org/maven2/net/iharder/base64/2.3.8/base64-2.3.8.pom
Download https://repo.maven.apache.org/maven2/org/ow2/asm/asm/4.2/asm-4.2.pom
Download https://repo.maven.apache.org/maven2/au/com/bytecode/opencsv/2.4/opencsv-2.4.pom
Download https://repo.maven.apache.org/maven2/org/postgresql/pgjdbc-core-parent/1.1.3/pgjdbc-core-parent-1.1.3.pom
Download https://repo.maven.apache.org/maven2/mockobjects/mockobjects-core/0.09/mockobjects-core-0.09.pom
Download https://repo.maven.apache.org/maven2/org/ow2/asm/asm-parent/4.2/asm-parent-4.2.pom
Download https://repo.maven.apache.org/maven2/mockobjects/mockobjects-jdk1.3/0.09/mockobjects-jdk1.3-0.09.pom
Download https://repo.maven.apache.org/maven2/org/postgresql/pgjdbc-versions/1.1.3/pgjdbc-versions-1.1.3.pom
Download https://repo.maven.apache.org/maven2/org/ow2/ow2/1.3/ow2-1.3.pom
Download https://repo.maven.apache.org/maven2/com/zaxxer/HikariCP/3.2.0/HikariCP-3.2.0.pom
Download https://repo.maven.apache.org/maven2/org/apache/solr/solr-solrj/7.2.1/solr-solrj-7.2.1.pom
Download https://repo.maven.apache.org/maven2/org/intermine/intermine-pathquery/5.1.0/intermine-pathquery-5.1.0.pom
Download https://repo.maven.apache.org/maven2/xalan/xalan/2.7.2/xalan-2.7.2.pom
Download https://repo.maven.apache.org/maven2/org/apache/lucene/lucene-core/3.0.2/lucene-core-3.0.2.pom
Download https://repo.maven.apache.org/maven2/org/apache/solr/solr-parent/7.2.1/solr-parent-7.2.1.pom
Download https://repo.maven.apache.org/maven2/org/apache/lucene/lucene-queries/3.0.2/lucene-queries-3.0.2.pom
Download https://repo.maven.apache.org/maven2/org/apache/lucene/lucene-highlighter/3.0.2/lucene-highlighter-3.0.2.pom
Download https://repo.maven.apache.org/maven2/org/apache/lucene/lucene-parent/3.0.2/lucene-parent-3.0.2.pom
Download https://repo.maven.apache.org/maven2/org/apache/lucene/lucene-solr-grandparent/7.2.1/lucene-solr-grandparent-7.2.1.pom
Download https://repo.maven.apache.org/maven2/org/apache/lucene/lucene-contrib/3.0.2/lucene-contrib-3.0.2.pom
Download https://repo.maven.apache.org/maven2/org/json/json/20170516/json-20170516.pom
Download https://repo.maven.apache.org/maven2/org/apache/apache/13/apache-13.pom
Download https://repo.maven.apache.org/maven2/org/apache/lucene/lucene-snowball/3.0.2/lucene-snowball-3.0.2.pom
Download https://repo.maven.apache.org/maven2/org/apache/jena/apache-jena-libs/3.16.0/apache-jena-libs-3.16.0.pom
Download https://repo.maven.apache.org/maven2/org/apache/jena/jena/3.16.0/jena-3.16.0.pom
Download https://repo.maven.apache.org/maven2/org/apache/logging/log4j/log4j-bom/2.13.3/log4j-bom-2.13.3.pom
Download https://repo.maven.apache.org/maven2/org/apache/logging/logging-parent/1/logging-parent-1.pom
Download https://repo.maven.apache.org/maven2/org/slf4j/slf4j-api/1.7.25/slf4j-api-1.7.25.pom
Download https://repo.maven.apache.org/maven2/org/slf4j/slf4j-parent/1.7.25/slf4j-parent-1.7.25.pom
Download https://repo.maven.apache.org/maven2/org/apache/logging/log4j/log4j-core/2.17.1/log4j-core-2.17.1.pom
Download https://repo.maven.apache.org/maven2/stax/stax-api/1.0.1/stax-api-1.0.1.pom
Download https://repo.maven.apache.org/maven2/commons-io/commons-io/2.0.1/commons-io-2.0.1.pom
Download https://repo.maven.apache.org/maven2/org/apache/commons/commons-parent/15/commons-parent-15.pom
Download https://repo.maven.apache.org/maven2/org/apache/apache/7/apache-7.pom
Download https://repo.maven.apache.org/maven2/org/apache/struts/struts-taglib/1.3.10/struts-taglib-1.3.10.pom
Download https://repo.maven.apache.org/maven2/javax/mail/mail/1.4/mail-1.4.pom
Download https://repo.maven.apache.org/maven2/org/apache/struts/struts-core/1.3.10/struts-core-1.3.10.pom
Download https://repo.maven.apache.org/maven2/org/directwebremoting/dwr/2.0.1/dwr-2.0.1.pom
Download https://repo.maven.apache.org/maven2/javax/servlet/jstl/1.2/jstl-1.2.pom
Download https://repo.maven.apache.org/maven2/org/apache/taglibs/taglibs-standard/1.2.5/taglibs-standard-1.2.5.pom
Download https://repo.maven.apache.org/maven2/org/apache/taglibs/taglibs-parent/3/taglibs-parent-3.pom
Download https://repo.maven.apache.org/maven2/org/apache/apache/10/apache-10.pom
Download https://repo.maven.apache.org/maven2/org/apache/struts/struts-parent/1.3.10/struts-parent-1.3.10.pom
Download https://repo.maven.apache.org/maven2/org/apache/struts/struts-tiles/1.3.10/struts-tiles-1.3.10.pom
Download https://repo.maven.apache.org/maven2/org/apache/struts/struts-master/4/struts-master-4.pom
Download https://repo.maven.apache.org/maven2/org/apache/apache/2/apache-2.pom
Download https://repo.maven.apache.org/maven2/commons-httpclient/commons-httpclient/3.0/commons-httpclient-3.0.pom
Download https://repo.maven.apache.org/maven2/commons-fileupload/commons-fileupload/1.2.2/commons-fileupload-1.2.2.pom
Download https://repo.maven.apache.org/maven2/org/apache/oltu/oauth2/org.apache.oltu.oauth2.client/1.0.1/org.apache.oltu.oauth2.client-1.0.1.pom
Download https://repo.maven.apache.org/maven2/org/everit/json/org.everit.json.schema/1.5.1/org.everit.json.schema-1.5.1.pom
Download https://repo.maven.apache.org/maven2/com/fasterxml/jackson/core/jackson-databind/2.2.3/jackson-databind-2.2.3.pom
Download https://repo.maven.apache.org/maven2/org/apache/commons/commons-parent/16/commons-parent-16.pom
Download https://repo.maven.apache.org/maven2/com/fasterxml/oss-parent/11/oss-parent-11.pom
Download https://repo.maven.apache.org/maven2/javax/ws/rs/javax.ws.rs-api/2.0.1/javax.ws.rs-api-2.0.1.pom
Download https://repo.maven.apache.org/maven2/net/java/jvnet-parent/5/jvnet-parent-5.pom
Download https://repo.maven.apache.org/maven2/org/apache/oltu/oauth2/org.apache.oltu.oauth2.parent/1.0.1/org.apache.oltu.oauth2.parent-1.0.1.pom
Download https://repo.maven.apache.org/maven2/org/glassfish/jersey/media/jersey-media-json-jackson/2.25/jersey-media-json-jackson-2.25.pom
Download https://repo.maven.apache.org/maven2/org/glassfish/jersey/core/jersey-client/2.25/jersey-client-2.25.pom
Download https://repo.maven.apache.org/maven2/org/apache/jena/jena-core/3.16.0/jena-core-3.16.0.pom
Download https://repo.maven.apache.org/maven2/org/apache/commons/commons-math3/3.2/commons-math3-3.2.pom
Download https://repo.maven.apache.org/maven2/org/apache/oltu/org.apache.oltu.parent/3/org.apache.oltu.parent-3.pom
Download https://repo.maven.apache.org/maven2/org/glassfish/jersey/media/project/2.25/project-2.25.pom
Download https://repo.maven.apache.org/maven2/org/apache/commons/commons-parent/28/commons-parent-28.pom
Download https://repo.maven.apache.org/maven2/commons-lang/commons-lang/2.6/commons-lang-2.6.pom
Download https://repo.maven.apache.org/maven2/commons-codec/commons-codec/1.15/commons-codec-1.15.pom
Download https://repo.maven.apache.org/maven2/org/glassfish/jersey/project/2.25/project-2.25.pom
Download https://repo.maven.apache.org/maven2/org/apache/commons/commons-parent/17/commons-parent-17.pom
Download https://repo.maven.apache.org/maven2/org/apache/commons/commons-parent/52/commons-parent-52.pom
Download https://repo.maven.apache.org/maven2/net/java/jvnet-parent/4/jvnet-parent-4.pom
Download https://repo.maven.apache.org/maven2/taglibs/string/1.1.0/string-1.1.0.pom
Download https://repo.maven.apache.org/maven2/fastutil/fastutil/5.0.9/fastutil-5.0.9.pom
Download https://repo.maven.apache.org/maven2/org/glassfish/hk2/hk2-bom/2.5.0-b30/hk2-bom-2.5.0-b30.pom
Download https://repo.maven.apache.org/maven2/javax/xml/bind/jaxb-api/2.3.1/jaxb-api-2.3.1.pom
Download https://repo.maven.apache.org/maven2/javax/xml/bind/jaxb-api-parent/2.3.1/jaxb-api-parent-2.3.1.pom
Download https://repo.maven.apache.org/maven2/org/apache/struts/struts-extras/1.3.10/struts-extras-1.3.10.pom
Download https://repo.maven.apache.org/maven2/org/skyscreamer/jsonassert/1.2.3/jsonassert-1.2.3.pom
Download https://repo.maven.apache.org/maven2/cglib/cglib/3.1/cglib-3.1.pom
Download https://repo.maven.apache.org/maven2/commons-collections/commons-collections/3.2.2/commons-collections-3.2.2.pom
Download https://repo.maven.apache.org/maven2/org/apache/commons/commons-parent/39/commons-parent-39.pom
Download https://repo.maven.apache.org/maven2/org/apache/apache/16/apache-16.pom
Download https://repo.maven.apache.org/maven2/commons-logging/commons-logging/1.2/commons-logging-1.2.pom
Download https://repo.maven.apache.org/maven2/org/apache/commons/commons-parent/34/commons-parent-34.pom
Download https://repo.maven.apache.org/maven2/xalan/serializer/2.7.2/serializer-2.7.2.pom
Download https://repo.maven.apache.org/maven2/commons-io/commons-io/2.5/commons-io-2.5.pom
Download https://repo.maven.apache.org/maven2/org/apache/commons/commons-math3/3.6.1/commons-math3-3.6.1.pom
Download https://repo.maven.apache.org/maven2/org/apache/httpcomponents/httpclient/4.5.3/httpclient-4.5.3.pom
Download https://repo.maven.apache.org/maven2/org/apache/httpcomponents/httpcore/4.4.6/httpcore-4.4.6.pom
Download https://repo.maven.apache.org/maven2/org/codehaus/woodstox/stax2-api/3.1.4/stax2-api-3.1.4.pom
Download https://repo.maven.apache.org/maven2/org/apache/httpcomponents/httpcomponents-core/4.4.6/httpcomponents-core-4.4.6.pom
Download https://repo.maven.apache.org/maven2/org/apache/httpcomponents/httpcomponents-client/4.5.3/httpcomponents-client-4.5.3.pom
Download https://repo.maven.apache.org/maven2/org/apache/httpcomponents/project/7/project-7.pom
Download https://repo.maven.apache.org/maven2/org/slf4j/jcl-over-slf4j/1.7.7/jcl-over-slf4j-1.7.7.pom
Download https://repo.maven.apache.org/maven2/org/apache/httpcomponents/httpmime/4.5.3/httpmime-4.5.3.pom
Download https://repo.maven.apache.org/maven2/org/slf4j/slf4j-parent/1.7.7/slf4j-parent-1.7.7.pom
Download https://repo.maven.apache.org/maven2/org/codehaus/woodstox/woodstox-core-asl/4.4.1/woodstox-core-asl-4.4.1.pom
Download https://repo.maven.apache.org/maven2/org/noggit/noggit/0.8/noggit-0.8.pom
Download https://repo.maven.apache.org/maven2/org/apache/zookeeper/zookeeper/3.4.10/zookeeper-3.4.10.pom
Download https://repo.maven.apache.org/maven2/org/apache/lucene/lucene-memory/3.0.2/lucene-memory-3.0.2.pom
Download https://repo.maven.apache.org/maven2/org/apache/jena/jena-tdb2/3.16.0/jena-tdb2-3.16.0.pom
Download https://repo.maven.apache.org/maven2/org/apache/jena/jena-shacl/3.16.0/jena-shacl-3.16.0.pom
Download https://repo.maven.apache.org/maven2/org/apache/jena/jena-tdb/3.16.0/jena-tdb-3.16.0.pom
Download https://repo.maven.apache.org/maven2/org/apache/jena/jena-rdfconnection/3.16.0/jena-rdfconnection-3.16.0.pom
Download https://repo.maven.apache.org/maven2/org/apache/jena/jena-db/3.16.0/jena-db-3.16.0.pom
Download https://repo.maven.apache.org/maven2/javax/activation/activation/1.1/activation-1.1.pom
Download https://repo.maven.apache.org/maven2/commons-validator/commons-validator/1.3.1/commons-validator-1.3.1.pom
Download https://repo.maven.apache.org/maven2/antlr/antlr/2.7.2/antlr-2.7.2.pom
Download https://repo.maven.apache.org/maven2/commons-digester/commons-digester/1.8/commons-digester-1.8.pom
Download https://repo.maven.apache.org/maven2/oro/oro/2.0.8/oro-2.0.8.pom
Download https://repo.maven.apache.org/maven2/commons-chain/commons-chain/1.2/commons-chain-1.2.pom
Download https://repo.maven.apache.org/maven2/org/apache/commons/commons-parent/10/commons-parent-10.pom
Download https://repo.maven.apache.org/maven2/junit/junit/3.8.1/junit-3.8.1.pom
Download https://repo.maven.apache.org/maven2/commons-validator/commons-validator/1.5.1/commons-validator-1.5.1.pom
Download https://repo.maven.apache.org/maven2/com/google/guava/guava/19.0/guava-19.0.pom
Download https://repo.maven.apache.org/maven2/com/google/guava/guava-parent/19.0/guava-parent-19.0.pom
Download https://repo.maven.apache.org/maven2/org/apache/oltu/oauth2/org.apache.oltu.oauth2.common/1.0.1/org.apache.oltu.oauth2.common-1.0.1.pom
Download https://repo.maven.apache.org/maven2/com/fasterxml/jackson/core/jackson-annotations/2.2.3/jackson-annotations-2.2.3.pom
Download https://repo.maven.apache.org/maven2/com/fasterxml/jackson/core/jackson-core/2.2.3/jackson-core-2.2.3.pom
Download https://repo.maven.apache.org/maven2/com/fasterxml/oss-parent/10/oss-parent-10.pom
Download https://repo.maven.apache.org/maven2/com/fasterxml/jackson/core/jackson-annotations/2.8.4/jackson-annotations-2.8.4.pom
Download https://repo.maven.apache.org/maven2/com/fasterxml/jackson/jackson-parent/2.8/jackson-parent-2.8.pom
Download https://repo.maven.apache.org/maven2/com/fasterxml/oss-parent/27/oss-parent-27.pom
Download https://repo.maven.apache.org/maven2/com/fasterxml/jackson/jaxrs/jackson-jaxrs-json-provider/2.8.4/jackson-jaxrs-json-provider-2.8.4.pom
Download https://repo.maven.apache.org/maven2/com/fasterxml/jackson/jaxrs/jackson-jaxrs-base/2.8.4/jackson-jaxrs-base-2.8.4.pom
Download https://repo.maven.apache.org/maven2/org/glassfish/jersey/core/jersey-common/2.25/jersey-common-2.25.pom
Download https://repo.maven.apache.org/maven2/org/glassfish/jersey/ext/jersey-entity-filtering/2.25/jersey-entity-filtering-2.25.pom
Download https://repo.maven.apache.org/maven2/com/fasterxml/jackson/jaxrs/jackson-jaxrs-providers/2.8.4/jackson-jaxrs-providers-2.8.4.pom
Download https://repo.maven.apache.org/maven2/org/glassfish/jersey/ext/project/2.25/project-2.25.pom
Download https://repo.maven.apache.org/maven2/org/glassfish/hk2/hk2-locator/2.5.0-b30/hk2-locator-2.5.0-b30.pom
Download https://repo.maven.apache.org/maven2/org/glassfish/hk2/external/javax.inject/2.5.0-b30/javax.inject-2.5.0-b30.pom
Download https://repo.maven.apache.org/maven2/org/glassfish/hk2/hk2-api/2.5.0-b30/hk2-api-2.5.0-b30.pom
Download https://repo.maven.apache.org/maven2/org/glassfish/hk2/hk2-parent/2.5.0-b30/hk2-parent-2.5.0-b30.pom
Download https://repo.maven.apache.org/maven2/org/glassfish/hk2/external/2.5.0-b30/external-2.5.0-b30.pom
Download https://repo.maven.apache.org/maven2/commons-cli/commons-cli/1.4/commons-cli-1.4.pom
Download https://repo.maven.apache.org/maven2/org/apache/commons/commons-parent/42/commons-parent-42.pom
Download https://repo.maven.apache.org/maven2/org/apache/jena/jena-base/3.16.0/jena-base-3.16.0.pom
Download https://repo.maven.apache.org/maven2/org/apache/jena/jena-iri/3.16.0/jena-iri-3.16.0.pom
Download https://repo.maven.apache.org/maven2/javax/activation/javax.activation-api/1.2.0/javax.activation-api-1.2.0.pom
Download https://repo.maven.apache.org/maven2/com/sun/activation/all/1.2.0/all-1.2.0.pom
Download https://repo.maven.apache.org/maven2/net/java/jvnet-parent/1/jvnet-parent-1.pom
Download https://repo.maven.apache.org/maven2/xml-apis/xml-apis/1.3.04/xml-apis-1.3.04.pom
Download https://repo.maven.apache.org/maven2/org/apache/jena/jena-arq/3.16.0/jena-arq-3.16.0.pom
Download https://repo.maven.apache.org/maven2/org/apache/jena/jena-dboe-storage/3.16.0/jena-dboe-storage-3.16.0.pom
Download https://repo.maven.apache.org/maven2/commons-digester/commons-digester/1.8.1/commons-digester-1.8.1.pom
Download https://repo.maven.apache.org/maven2/org/apache/commons/commons-parent/11/commons-parent-11.pom
Download https://repo.maven.apache.org/maven2/org/glassfish/jersey/bundles/repackaged/jersey-guava/2.25/jersey-guava-2.25.pom
Download https://repo.maven.apache.org/maven2/org/glassfish/hk2/osgi-resource-locator/1.0.1/osgi-resource-locator-1.0.1.pom
Download https://repo.maven.apache.org/maven2/org/glassfish/jersey/bundles/repackaged/project/2.25/project-2.25.pom
Download https://repo.maven.apache.org/maven2/org/glassfish/pom/8/pom-8.pom
Download https://repo.maven.apache.org/maven2/org/glassfish/jersey/bundles/project/2.25/project-2.25.pom
Download https://repo.maven.apache.org/maven2/com/fasterxml/jackson/core/jackson-core/2.8.4/jackson-core-2.8.4.pom
Download https://repo.maven.apache.org/maven2/com/fasterxml/jackson/core/jackson-databind/2.8.4/jackson-databind-2.8.4.pom
Download https://repo.maven.apache.org/maven2/com/fasterxml/jackson/module/jackson-module-jaxb-annotations/2.8.4/jackson-module-jaxb-annotations-2.8.4.pom
Download https://repo.maven.apache.org/maven2/org/glassfish/hk2/external/aopalliance-repackaged/2.5.0-b30/aopalliance-repackaged-2.5.0-b30.pom
Download https://repo.maven.apache.org/maven2/org/glassfish/hk2/hk2-utils/2.5.0-b30/hk2-utils-2.5.0-b30.pom
Download https://repo.maven.apache.org/maven2/org/javassist/javassist/3.20.0-GA/javassist-3.20.0-GA.pom
Download https://repo.maven.apache.org/maven2/org/slf4j/slf4j-api/1.7.30/slf4j-api-1.7.30.pom
Download https://repo.maven.apache.org/maven2/org/slf4j/slf4j-parent/1.7.30/slf4j-parent-1.7.30.pom
Download https://repo.maven.apache.org/maven2/commons-io/commons-io/2.6/commons-io-2.6.pom
Download https://repo.maven.apache.org/maven2/org/apache/commons/commons-csv/1.8/commons-csv-1.8.pom
Download https://repo.maven.apache.org/maven2/org/apache/commons/commons-lang3/3.10/commons-lang3-3.10.pom
Download https://repo.maven.apache.org/maven2/org/apache/commons/commons-compress/1.20/commons-compress-1.20.pom
Download https://repo.maven.apache.org/maven2/org/apache/commons/commons-parent/48/commons-parent-48.pom
Download https://repo.maven.apache.org/maven2/org/apache/commons/commons-parent/50/commons-parent-50.pom
Download https://repo.maven.apache.org/maven2/org/apache/apache/21/apache-21.pom
Download https://repo.maven.apache.org/maven2/com/github/andrewoma/dexx/collection/0.7/collection-0.7.pom
Download https://repo.maven.apache.org/maven2/org/apache/jena/jena-shaded-guava/3.16.0/jena-shaded-guava-3.16.0.pom
Download https://repo.maven.apache.org/maven2/org/apache/httpcomponents/httpclient/4.5.10/httpclient-4.5.10.pom
Download https://repo.maven.apache.org/maven2/org/apache/httpcomponents/httpcomponents-client/4.5.10/httpcomponents-client-4.5.10.pom
Download https://repo.maven.apache.org/maven2/org/apache/httpcomponents/httpcomponents-parent/11/httpcomponents-parent-11.pom
Download https://repo.maven.apache.org/maven2/com/fasterxml/jackson/core/jackson-core/2.10.1/jackson-core-2.10.1.pom
Download https://repo.maven.apache.org/maven2/com/fasterxml/jackson/jackson-base/2.10.1/jackson-base-2.10.1.pom
Download https://repo.maven.apache.org/maven2/com/fasterxml/jackson/jackson-bom/2.10.1/jackson-bom-2.10.1.pom
Download https://repo.maven.apache.org/maven2/com/fasterxml/jackson/jackson-parent/2.10/jackson-parent-2.10.pom
Download https://repo.maven.apache.org/maven2/com/fasterxml/oss-parent/38/oss-parent-38.pom
Download https://repo.maven.apache.org/maven2/com/fasterxml/jackson/core/jackson-databind/2.10.1/jackson-databind-2.10.1.pom
Download https://repo.maven.apache.org/maven2/org/slf4j/jcl-over-slf4j/1.7.30/jcl-over-slf4j-1.7.30.pom
Download https://repo.maven.apache.org/maven2/org/apache/thrift/libthrift/0.13.0/libthrift-0.13.0.pom
Download https://repo.maven.apache.org/maven2/org/apache/httpcomponents/httpclient-cache/4.5.10/httpclient-cache-4.5.10.pom
Download https://repo.maven.apache.org/maven2/com/github/jsonld-java/jsonld-java/0.12.5/jsonld-java-0.12.5.pom
Download https://repo.maven.apache.org/maven2/com/github/jsonld-java/jsonld-java-parent/0.12.5/jsonld-java-parent-0.12.5.pom
Download https://repo.maven.apache.org/maven2/com/fasterxml/jackson/jackson-bom/2.9.9/jackson-bom-2.9.9.pom
Download https://repo.maven.apache.org/maven2/com/fasterxml/jackson/jackson-parent/2.9.1.2/jackson-parent-2.9.1.2.pom
Download https://repo.maven.apache.org/maven2/com/fasterxml/oss-parent/34/oss-parent-34.pom
Download https://repo.maven.apache.org/maven2/org/apache/jena/jena-dboe-trans-data/3.16.0/jena-dboe-trans-data-3.16.0.pom
Download https://repo.maven.apache.org/maven2/javax/inject/javax.inject/1/javax.inject-1.pom
Download https://repo.maven.apache.org/maven2/org/apache/httpcomponents/httpcore/4.4.12/httpcore-4.4.12.pom
Download https://repo.maven.apache.org/maven2/org/apache/httpcomponents/httpcomponents-core/4.4.12/httpcomponents-core-4.4.12.pom
Download https://repo.maven.apache.org/maven2/com/fasterxml/jackson/core/jackson-annotations/2.10.1/jackson-annotations-2.10.1.pom
Download https://repo.maven.apache.org/maven2/org/apache/jena/jena-dboe-transaction/3.16.0/jena-dboe-transaction-3.16.0.pom
Download https://repo.maven.apache.org/maven2/org/apache/jena/jena-dboe-index/3.16.0/jena-dboe-index-3.16.0.pom
Download https://repo.maven.apache.org/maven2/org/apache/jena/jena-dboe-base/3.16.0/jena-dboe-base-3.16.0.pom
Download https://repo.maven.apache.org/maven2/org/intermine/bio-source-eco/5.1.0/bio-source-eco-5.1.0.jar
Download https://repo.maven.apache.org/maven2/org/intermine/bio-source-go/5.1.0/bio-source-go-5.1.0.jar
Download https://repo.maven.apache.org/maven2/org/intermine/bio-source-do/5.1.0/bio-source-do-5.1.0.jar
Download https://repo.maven.apache.org/maven2/org/intermine/bio-source-fasta/5.1.0/bio-source-fasta-5.1.0.jar
Download https://repo.maven.apache.org/maven2/org/intermine/bio-source-psi-mi-ontology/5.1.0/bio-source-psi-mi-ontology-5.1.0.jar
Download https://repo.maven.apache.org/maven2/org/intermine/bio-source-update-publications/5.1.0/bio-source-update-publications-5.1.0.jar
Download https://repo.maven.apache.org/maven2/org/intermine/bio-source-entrez-organism/5.1.0/bio-source-entrez-organism-5.1.0.jar
Download https://repo.maven.apache.org/maven2/org/intermine/bio-source-so/5.1.0/bio-source-so-5.1.0.jar
Download https://repo.maven.apache.org/maven2/org/intermine/bio-core/5.1.0/bio-core-5.1.0.jar
Download https://repo.maven.apache.org/maven2/org/intermine/intermine-api/5.1.0/intermine-api-5.1.0.jar
Download https://repo.maven.apache.org/maven2/org/intermine/intermine-integrate/5.1.0/intermine-integrate-5.1.0.jar
Download https://repo.maven.apache.org/maven2/org/intermine/intermine-webtasks/5.1.0/intermine-webtasks-5.1.0.jar
Download https://repo.maven.apache.org/maven2/org/intermine/intermine-webapp/5.1.0/intermine-webapp-5.1.0.war
Download https://repo.maven.apache.org/maven2/org/intermine/intermine-pathquery/5.1.0/intermine-pathquery-5.1.0.jar
Download https://repo.maven.apache.org/maven2/org/intermine/intermine-objectstore/5.1.0/intermine-objectstore-5.1.0.jar
Download https://repo.maven.apache.org/maven2/org/intermine/intermine-model/5.1.0/intermine-model-5.1.0.jar
Download https://repo.maven.apache.org/maven2/org/apache/logging/log4j/log4j-1.2-api/2.17.1/log4j-1.2-api-2.17.1.jar
Download https://repo.maven.apache.org/maven2/org/apache/struts/struts-taglib/1.3.10/struts-taglib-1.3.10.jar
Download https://repo.maven.apache.org/maven2/org/apache/struts/struts-tiles/1.3.10/struts-tiles-1.3.10.jar
Download https://repo.maven.apache.org/maven2/org/apache/struts/struts-core/1.3.10/struts-core-1.3.10.jar
Download https://repo.maven.apache.org/maven2/org/apache/struts/struts-extras/1.3.10/struts-extras-1.3.10.jar
Download https://repo.maven.apache.org/maven2/org/everit/json/org.everit.json.schema/1.5.1/org.everit.json.schema-1.5.1.jar
Download https://repo.maven.apache.org/maven2/commons-beanutils/commons-beanutils/1.9.3/commons-beanutils-1.9.3.jar
Download https://repo.maven.apache.org/maven2/commons-validator/commons-validator/1.5.1/commons-validator-1.5.1.jar
Download https://repo.maven.apache.org/maven2/commons-collections/commons-collections/3.2.2/commons-collections-3.2.2.jar
Download https://repo.maven.apache.org/maven2/commons-digester/commons-digester/1.8.1/commons-digester-1.8.1.jar
Download https://repo.maven.apache.org/maven2/org/glassfish/jaxb/jaxb-runtime/2.3.2/jaxb-runtime-2.3.2.jar
Download https://repo.maven.apache.org/maven2/org/jvnet/staxex/stax-ex/1.8.1/stax-ex-1.8.1.jar
Download https://repo.maven.apache.org/maven2/jakarta/xml/bind/jakarta.xml.bind-api/2.3.2/jakarta.xml.bind-api-2.3.2.jar
Download https://repo.maven.apache.org/maven2/org/biojava/biojava-core/4.2.0/biojava-core-4.2.0.jar
Download https://repo.maven.apache.org/maven2/org/glassfish/jersey/media/jersey-media-json-jackson/2.25/jersey-media-json-jackson-2.25.jar
Download https://repo.maven.apache.org/maven2/org/glassfish/jersey/core/jersey-client/2.25/jersey-client-2.25.jar
Download https://repo.maven.apache.org/maven2/org/glassfish/jersey/core/jersey-common/2.25/jersey-common-2.25.jar
Download https://repo.maven.apache.org/maven2/org/apache/jena/jena-shacl/3.16.0/jena-shacl-3.16.0.jar
Download https://repo.maven.apache.org/maven2/org/apache/jena/jena-tdb/3.16.0/jena-tdb-3.16.0.jar
Download https://repo.maven.apache.org/maven2/org/apache/jena/jena-rdfconnection/3.16.0/jena-rdfconnection-3.16.0.jar
Download https://repo.maven.apache.org/maven2/org/apache/jena/jena-tdb2/3.16.0/jena-tdb2-3.16.0.jar
Download https://repo.maven.apache.org/maven2/org/apache/jena/jena-dboe-storage/3.16.0/jena-dboe-storage-3.16.0.jar
Download https://repo.maven.apache.org/maven2/org/apache/jena/jena-dboe-trans-data/3.16.0/jena-dboe-trans-data-3.16.0.jar
Download https://repo.maven.apache.org/maven2/org/apache/jena/jena-dboe-base/3.16.0/jena-dboe-base-3.16.0.jar
Download https://repo.maven.apache.org/maven2/org/apache/jena/jena-dboe-transaction/3.16.0/jena-dboe-transaction-3.16.0.jar
Download https://repo.maven.apache.org/maven2/org/apache/jena/jena-dboe-index/3.16.0/jena-dboe-index-3.16.0.jar
Download https://repo.maven.apache.org/maven2/org/apache/jena/jena-arq/3.16.0/jena-arq-3.16.0.jar
Download https://repo.maven.apache.org/maven2/javax/annotation/javax.annotation-api/1.3.2/javax.annotation-api-1.3.2.jar
Download https://repo.maven.apache.org/maven2/org/apache/thrift/libthrift/0.13.0/libthrift-0.13.0.jar
Download https://repo.maven.apache.org/maven2/org/intermine/bio-model/5.1.0/bio-model-5.1.0.jar
Download https://repo.maven.apache.org/maven2/org/apache/logging/log4j/log4j-slf4j-impl/2.17.1/log4j-slf4j-impl-2.17.1.jar
Download https://repo.maven.apache.org/maven2/org/apache/logging/log4j/log4j-api/2.17.1/log4j-api-2.17.1.jar
Download https://repo.maven.apache.org/maven2/org/apache/logging/log4j/log4j-core/2.17.1/log4j-core-2.17.1.jar
Download https://repo.maven.apache.org/maven2/com/sleepycat/je/4.0.92/je-4.0.92.jar
Download https://repo.maven.apache.org/maven2/stax/stax/1.2.0/stax-1.2.0.jar
Download https://repo.maven.apache.org/maven2/ant/ant/1.6.5/ant-1.6.5.jar
Download https://repo.maven.apache.org/maven2/org/apache/oltu/oauth2/org.apache.oltu.oauth2.client/1.0.1/org.apache.oltu.oauth2.client-1.0.1.jar
Download https://repo.maven.apache.org/maven2/org/apache/oltu/oauth2/org.apache.oltu.oauth2.common/1.0.1/org.apache.oltu.oauth2.common-1.0.1.jar
Download https://repo.maven.apache.org/maven2/org/apache/jena/jena-core/3.16.0/jena-core-3.16.0.jar
Download https://repo.maven.apache.org/maven2/org/slf4j/jcl-over-slf4j/1.7.30/jcl-over-slf4j-1.7.30.jar
Download https://repo.maven.apache.org/maven2/org/apache/jena/jena-base/3.16.0/jena-base-3.16.0.jar
Download https://repo.maven.apache.org/maven2/org/slf4j/slf4j-api/1.7.30/slf4j-api-1.7.30.jar
Download https://repo.maven.apache.org/maven2/jakarta/activation/jakarta.activation-api/1.2.1/jakarta.activation-api-1.2.1.jar
Download https://repo.maven.apache.org/maven2/com/sun/istack/istack-commons-runtime/3.0.8/istack-commons-runtime-3.0.8.jar
Download https://repo.maven.apache.org/maven2/com/github/jsonld-java/jsonld-java/0.12.5/jsonld-java-0.12.5.jar
Download https://repo.maven.apache.org/maven2/org/glassfish/jaxb/txw2/2.3.2/txw2-2.3.2.jar
Download https://repo.maven.apache.org/maven2/com/sun/xml/fastinfoset/FastInfoset/1.2.16/FastInfoset-1.2.16.jar
Download https://repo.maven.apache.org/maven2/commons-io/commons-io/2.6/commons-io-2.6.jar
Download https://repo.maven.apache.org/maven2/org/apache/solr/solr-solrj/7.2.1/solr-solrj-7.2.1.jar
Download https://repo.maven.apache.org/maven2/org/postgresql/postgresql/42.2.2/postgresql-42.2.2.jar
Download https://repo.maven.apache.org/maven2/com/zaxxer/HikariCP/3.2.0/HikariCP-3.2.0.jar
Download https://repo.maven.apache.org/maven2/net/iharder/base64/2.3.8/base64-2.3.8.jar
Download https://repo.maven.apache.org/maven2/au/com/bytecode/opencsv/2.4/opencsv-2.4.jar
Download https://repo.maven.apache.org/maven2/cglib/cglib/3.1/cglib-3.1.jar
Download https://repo.maven.apache.org/maven2/org/ow2/asm/asm/4.2/asm-4.2.jar
Download https://repo.maven.apache.org/maven2/mockobjects/mockobjects-core/0.09/mockobjects-core-0.09.jar
Download https://repo.maven.apache.org/maven2/mockobjects/mockobjects-jdk1.3/0.09/mockobjects-jdk1.3-0.09.jar
Download https://repo.maven.apache.org/maven2/org/apache/lucene/lucene-highlighter/3.0.2/lucene-highlighter-3.0.2.jar
Download https://repo.maven.apache.org/maven2/org/apache/lucene/lucene-snowball/3.0.2/lucene-snowball-3.0.2.jar
Download https://repo.maven.apache.org/maven2/xalan/xalan/2.7.2/xalan-2.7.2.jar
Download https://repo.maven.apache.org/maven2/org/apache/lucene/lucene-queries/3.0.2/lucene-queries-3.0.2.jar
Download https://repo.maven.apache.org/maven2/org/apache/lucene/lucene-memory/3.0.2/lucene-memory-3.0.2.jar
Download https://repo.maven.apache.org/maven2/org/apache/lucene/lucene-core/3.0.2/lucene-core-3.0.2.jar
Download https://repo.maven.apache.org/maven2/org/skyscreamer/jsonassert/1.2.3/jsonassert-1.2.3.jar
Download https://repo.maven.apache.org/maven2/stax/stax-api/1.0.1/stax-api-1.0.1.jar
Download https://repo.maven.apache.org/maven2/javax/servlet/jstl/1.2/jstl-1.2.jar
Download https://repo.maven.apache.org/maven2/org/json/json/20170516/json-20170516.jar
Download https://repo.maven.apache.org/maven2/org/directwebremoting/dwr/2.0.1/dwr-2.0.1.jar
Download https://repo.maven.apache.org/maven2/javax/mail/mail/1.4/mail-1.4.jar
Download https://repo.maven.apache.org/maven2/commons-fileupload/commons-fileupload/1.2.2/commons-fileupload-1.2.2.jar
Download https://repo.maven.apache.org/maven2/commons-httpclient/commons-httpclient/3.0/commons-httpclient-3.0.jar
Download https://repo.maven.apache.org/maven2/com/fasterxml/jackson/jaxrs/jackson-jaxrs-json-provider/2.8.4/jackson-jaxrs-json-provider-2.8.4.jar
Download https://repo.maven.apache.org/maven2/com/fasterxml/jackson/jaxrs/jackson-jaxrs-base/2.8.4/jackson-jaxrs-base-2.8.4.jar
Download https://repo.maven.apache.org/maven2/com/fasterxml/jackson/module/jackson-module-jaxb-annotations/2.8.4/jackson-module-jaxb-annotations-2.8.4.jar
Download https://repo.maven.apache.org/maven2/javax/ws/rs/javax.ws.rs-api/2.0.1/javax.ws.rs-api-2.0.1.jar
Download https://repo.maven.apache.org/maven2/commons-lang/commons-lang/2.6/commons-lang-2.6.jar
Download https://repo.maven.apache.org/maven2/org/apache/commons/commons-math3/3.6.1/commons-math3-3.6.1.jar
Download https://repo.maven.apache.org/maven2/com/fasterxml/jackson/core/jackson-databind/2.10.1/jackson-databind-2.10.1.jar
Download https://repo.maven.apache.org/maven2/org/glassfish/jersey/ext/jersey-entity-filtering/2.25/jersey-entity-filtering-2.25.jar
Download https://repo.maven.apache.org/maven2/commons-codec/commons-codec/1.15/commons-codec-1.15.jar
Download https://repo.maven.apache.org/maven2/org/apache/httpcomponents/httpclient-cache/4.5.10/httpclient-cache-4.5.10.jar
Download https://repo.maven.apache.org/maven2/javax/xml/bind/jaxb-api/2.3.1/jaxb-api-2.3.1.jar
Download https://repo.maven.apache.org/maven2/org/apache/httpcomponents/httpclient/4.5.10/httpclient-4.5.10.jar
Download https://repo.maven.apache.org/maven2/commons-logging/commons-logging/1.2/commons-logging-1.2.jar
Download https://repo.maven.apache.org/maven2/taglibs/string/1.1.0/string-1.1.0.jar
Download https://repo.maven.apache.org/maven2/org/apache/httpcomponents/httpcore/4.4.12/httpcore-4.4.12.jar
Download https://repo.maven.apache.org/maven2/org/apache/zookeeper/zookeeper/3.4.10/zookeeper-3.4.10.jar
Download https://repo.maven.apache.org/maven2/xalan/serializer/2.7.2/serializer-2.7.2.jar
Download https://repo.maven.apache.org/maven2/org/apache/httpcomponents/httpmime/4.5.3/httpmime-4.5.3.jar
Download https://repo.maven.apache.org/maven2/org/codehaus/woodstox/stax2-api/3.1.4/stax2-api-3.1.4.jar
Download https://repo.maven.apache.org/maven2/org/codehaus/woodstox/woodstox-core-asl/4.4.1/woodstox-core-asl-4.4.1.jar
Download https://repo.maven.apache.org/maven2/fastutil/fastutil/5.0.9/fastutil-5.0.9.jar
Download https://repo.maven.apache.org/maven2/javax/activation/activation/1.1/activation-1.1.jar
Download https://repo.maven.apache.org/maven2/org/noggit/noggit/0.8/noggit-0.8.jar
Download https://repo.maven.apache.org/maven2/antlr/antlr/2.7.2/antlr-2.7.2.jar
Download https://repo.maven.apache.org/maven2/oro/oro/2.0.8/oro-2.0.8.jar
Download https://repo.maven.apache.org/maven2/junit/junit/3.8.1/junit-3.8.1.jar
Download https://repo.maven.apache.org/maven2/com/fasterxml/jackson/core/jackson-annotations/2.10.1/jackson-annotations-2.10.1.jar
Download https://repo.maven.apache.org/maven2/commons-chain/commons-chain/1.2/commons-chain-1.2.jar
Download https://repo.maven.apache.org/maven2/com/fasterxml/jackson/core/jackson-core/2.10.1/jackson-core-2.10.1.jar
Download https://repo.maven.apache.org/maven2/com/google/guava/guava/19.0/guava-19.0.jar
Download https://repo.maven.apache.org/maven2/org/glassfish/hk2/hk2-locator/2.5.0-b30/hk2-locator-2.5.0-b30.jar
Download https://repo.maven.apache.org/maven2/org/glassfish/hk2/hk2-api/2.5.0-b30/hk2-api-2.5.0-b30.jar
Download https://repo.maven.apache.org/maven2/commons-cli/commons-cli/1.4/commons-cli-1.4.jar
Download https://repo.maven.apache.org/maven2/javax/activation/javax.activation-api/1.2.0/javax.activation-api-1.2.0.jar
Download https://repo.maven.apache.org/maven2/xml-apis/xml-apis/1.3.04/xml-apis-1.3.04.jar
Download https://repo.maven.apache.org/maven2/org/glassfish/hk2/external/javax.inject/2.5.0-b30/javax.inject-2.5.0-b30.jar
Download https://repo.maven.apache.org/maven2/org/apache/jena/jena-iri/3.16.0/jena-iri-3.16.0.jar
Download https://repo.maven.apache.org/maven2/org/glassfish/jersey/bundles/repackaged/jersey-guava/2.25/jersey-guava-2.25.jar
Download https://repo.maven.apache.org/maven2/org/glassfish/hk2/osgi-resource-locator/1.0.1/osgi-resource-locator-1.0.1.jar
Download https://repo.maven.apache.org/maven2/org/glassfish/hk2/hk2-utils/2.5.0-b30/hk2-utils-2.5.0-b30.jar
Download https://repo.maven.apache.org/maven2/org/javassist/javassist/3.20.0-GA/javassist-3.20.0-GA.jar
Download https://repo.maven.apache.org/maven2/org/apache/commons/commons-lang3/3.10/commons-lang3-3.10.jar
Download https://repo.maven.apache.org/maven2/org/glassfish/hk2/external/aopalliance-repackaged/2.5.0-b30/aopalliance-repackaged-2.5.0-b30.jar
Download https://repo.maven.apache.org/maven2/org/apache/commons/commons-compress/1.20/commons-compress-1.20.jar
Download https://repo.maven.apache.org/maven2/org/apache/commons/commons-csv/1.8/commons-csv-1.8.jar
Download https://repo.maven.apache.org/maven2/javax/inject/javax.inject/1/javax.inject-1.jar
Download https://repo.maven.apache.org/maven2/com/github/andrewoma/dexx/collection/0.7/collection-0.7.jar
Download https://repo.maven.apache.org/maven2/org/apache/jena/jena-shaded-guava/3.16.0/jena-shaded-guava-3.16.0.jar

> Task :dbmodel:generateKeys
Processing alliance-wb-fasta_keys.properties
Processing fasta_keys.properties now, as didn't find alliance-wb-fasta_keys.properties in 'bio-source-fasta-5*.jar'
Processing alliance-fb-fasta_keys.properties
Processing fasta_keys.properties now, as didn't find alliance-fb-fasta_keys.properties in 'bio-source-fasta-5*.jar'
Processing alliance-zfin-fasta_keys.properties
Processing fasta_keys.properties now, as didn't find alliance-zfin-fasta_keys.properties in 'bio-source-fasta-5*.jar'
Processing alliance-mgi-fasta_keys.properties
Processing fasta_keys.properties now, as didn't find alliance-mgi-fasta_keys.properties in 'bio-source-fasta-5*.jar'
Processing alliance-rgd-fasta_keys.properties
Processing fasta_keys.properties now, as didn't find alliance-rgd-fasta_keys.properties in 'bio-source-fasta-5*.jar'
Processing alliance-xtrops-fasta_keys.properties
Processing fasta_keys.properties now, as didn't find alliance-xtrops-fasta_keys.properties in 'bio-source-fasta-5*.jar'
Processing alliance-xlaevis-fasta_keys.properties
Processing fasta_keys.properties now, as didn't find alliance-xlaevis-fasta_keys.properties in 'bio-source-fasta-5*.jar'
Processing do_keys.properties
Processing go_keys.properties
Processing eco_keys.properties
Processing mmo_keys.properties
Processing emapa_keys.properties
Processing zfa_keys.properties
Processing wbbt_keys.properties
Processing fbbt_keys.properties
Processing psi-mi-ontology_keys.properties
Processing go-slim_keys.properties
Processing sgd_keys.properties
Processing sgd-gff_keys.properties
Processing sgd-gff-utr_keys.properties
Processing sgd-db-utr_keys.properties
Processing fungi-homologs_keys.properties
Processing cgob-homologs_keys.properties
Processing cglabrata-homologs_keys.properties
Processing pombe-homologs_keys.properties
Processing homolog-genes_keys.properties
Processing sgd-complementation-db_keys.properties
Processing sgd-complexes_keys.properties
Processing sgd-protein-properties_keys.properties
Processing sgd-protein-ntermini_keys.properties
Processing alliance-genes_keys.properties
Processing go-annotation_keys.properties
Processing alliance-disease_keys.properties
Processing alliance-orthologs_keys.properties
Processing alliance-alleles_keys.properties
Processing alliance-expression_keys.properties
Processing update-publications_keys.properties
Processing entrez-organism_keys.properties
Processing so_keys.properties

> Task :dbmodel:copyGenomicModel
Download https://repo.maven.apache.org/maven2/org/json/json/20090211/json-20090211.pom
Download https://repo.maven.apache.org/maven2/org/slf4j/slf4j-api/1.7.25/slf4j-api-1.7.25.jar
Download https://repo.maven.apache.org/maven2/org/json/json/20090211/json-20090211.jar
Download https://repo.maven.apache.org/maven2/commons-io/commons-io/1.2/commons-io-1.2.jar
